
[1m[46m RUN [49m[22m [36mv4.0.17 [39m[90mC:/Users/Mati/DEV/Audiovault/frontend[39m

[90mstdout[2m | src/pages/Library.test.tsx
[22m[39m--> Loading setupTests.ts with FakeAudioContext

stderr | src/pages/Library.test.tsx > Library Page Integration > handles track deletion failure
Failed to delete item Error: Failed
    at C:/Users/Mati/DEV/Audiovault/frontend/src/pages/Library.test.tsx:172:43
    at file:///C:/Users/Mati/DEV/Audiovault/frontend/node_modules/@vitest/runner/dist/index.js:145:11
    at file:///C:/Users/Mati/DEV/Audiovault/frontend/node_modules/@vitest/runner/dist/index.js:915:26
    at file:///C:/Users/Mati/DEV/Audiovault/frontend/node_modules/@vitest/runner/dist/index.js:1243:20
    at new Promise (<anonymous>)
    at runWithTimeout (file:///C:/Users/Mati/DEV/Audiovault/frontend/node_modules/@vitest/runner/dist/index.js:1209:10)
    at file:///C:/Users/Mati/DEV/Audiovault/frontend/node_modules/@vitest/runner/dist/index.js:1653:37
    at Traces.$ (file:///C:/Users/Mati/DEV/Audiovault/frontend/node_modules/vitest/dist/chunks/traces.CCmnQaNT.js:142:27)
    at trace (file:///C:/Users/Mati/DEV/Audiovault/frontend/node_modules/vitest/dist/chunks/test.B8ej_ZHS.js:239:21)
    at runTest (file:///C:/Users/Mati/DEV/Audiovault/frontend/node_modules/@vitest/runner/dist/index.js:1653:12)

stderr | src/pages/Library.test.tsx > Library Page Integration > handles playlist create failure
Failed to create playlist Error: Fail
    at C:/Users/Mati/DEV/Audiovault/frontend/src/pages/Library.test.tsx:203:45
    at file:///C:/Users/Mati/DEV/Audiovault/frontend/node_modules/@vitest/runner/dist/index.js:145:11
    at file:///C:/Users/Mati/DEV/Audiovault/frontend/node_modules/@vitest/runner/dist/index.js:915:26
    at file:///C:/Users/Mati/DEV/Audiovault/frontend/node_modules/@vitest/runner/dist/index.js:1243:20
    at new Promise (<anonymous>)
    at runWithTimeout (file:///C:/Users/Mati/DEV/Audiovault/frontend/node_modules/@vitest/runner/dist/index.js:1209:10)
    at file:///C:/Users/Mati/DEV/Audiovault/frontend/node_modules/@vitest/runner/dist/index.js:1653:37
    at Traces.$ (file:///C:/Users/Mati/DEV/Audiovault/frontend/node_modules/vitest/dist/chunks/traces.CCmnQaNT.js:142:27)
    at trace (file:///C:/Users/Mati/DEV/Audiovault/frontend/node_modules/vitest/dist/chunks/test.B8ej_ZHS.js:239:21)
    at runTest (file:///C:/Users/Mati/DEV/Audiovault/frontend/node_modules/@vitest/runner/dist/index.js:1653:12)

stderr | src/pages/Library.test.tsx > Library Page Integration > handles rescan failure
Rescan failed Error: Fail
    at C:/Users/Mati/DEV/Audiovault/frontend/src/pages/Library.test.tsx:222:45
    at file:///C:/Users/Mati/DEV/Audiovault/frontend/node_modules/@vitest/runner/dist/index.js:145:11
    at file:///C:/Users/Mati/DEV/Audiovault/frontend/node_modules/@vitest/runner/dist/index.js:915:26
    at file:///C:/Users/Mati/DEV/Audiovault/frontend/node_modules/@vitest/runner/dist/index.js:1243:20
    at new Promise (<anonymous>)
    at runWithTimeout (file:///C:/Users/Mati/DEV/Audiovault/frontend/node_modules/@vitest/runner/dist/index.js:1209:10)
    at file:///C:/Users/Mati/DEV/Audiovault/frontend/node_modules/@vitest/runner/dist/index.js:1653:37
    at Traces.$ (file:///C:/Users/Mati/DEV/Audiovault/frontend/node_modules/vitest/dist/chunks/traces.CCmnQaNT.js:142:27)
    at trace (file:///C:/Users/Mati/DEV/Audiovault/frontend/node_modules/vitest/dist/chunks/test.B8ej_ZHS.js:239:21)
    at runTest (file:///C:/Users/Mati/DEV/Audiovault/frontend/node_modules/@vitest/runner/dist/index.js:1653:12)

 [31mÔŁ»[39m src/pages/Library.test.tsx [2m([22m[2m16 tests[22m[2m | [22m[31m1 failed[39m[2m)[22m[33m 398[2mms[22m[39m
     [32mÔťô[39m loads and displays folders initially[32m 34[2mms[22m[39m
     [32mÔťô[39m navigates to playlist and displays tracks[32m 36[2mms[22m[39m
     [32mÔťô[39m handles track deletion flow[32m 33[2mms[22m[39m
     [32mÔťô[39m handles track deletion failure[32m 41[2mms[22m[39m
     [32mÔťô[39m handles playlist update/create[32m 20[2mms[22m[39m
     [32mÔťô[39m handles playlist create failure[32m 18[2mms[22m[39m
     [32mÔťô[39m handles rescan functionality[32m 15[2mms[22m[39m
     [32mÔťô[39m handles rescan failure[32m 13[2mms[22m[39m
     [32mÔťô[39m handles track edit flow[32m 35[2mms[22m[39m
     [32mÔťô[39m handles audio playback interaction[32m 23[2mms[22m[39m
     [32mÔťô[39m toggles play if current track matches[32m 21[2mms[22m[39m
     [32mÔťô[39m handles All Tracks selection[32m 17[2mms[22m[39m
     [32mÔťô[39m handles search and filtering[32m 38[2mms[22m[39m
     [32mÔťô[39m handles Add to Playlist modal opening[32m 28[2mms[22m[39m
     [32mÔťô[39m renders different source icons[32m 6[2mms[22m[39m
[31m     [31m├Ś[31m handle playlist deletion[39m[32m 17[2mms[22m[39m

ÔÄ»ÔÄ»ÔÄ»ÔÄ»ÔÄ»ÔÄ»ÔÄ» Failed Tests 1 ÔÄ»ÔÄ»ÔÄ»ÔÄ»ÔÄ»ÔÄ»ÔÄ»

 FAIL  src/pages/Library.test.tsx > Library Page Integration > handle playlist deletion
TestingLibraryElementError: Found multiple elements with the text: Delete Playlist

Here are the matching elements:

Ignored nodes: comments, script, style
<h1>
  Delete Playlist
</h1>

Ignored nodes: comments, script, style
<button>
  Delete Playlist
</button>

(If this is intentional, then use the `*AllBy*` variant of the query (like `queryAllByText`, `getAllByText`, or `findAllByText`)).

Ignored nodes: comments, script, style
<body>
  <div>
    <div
      class="space-y-6 pb-24"
    >
      <div
        class="flex items-center justify-between"
      >
        <div>
          <h1
            class="text-3xl font-bold tracking-tight text-foreground"
          >
            library.title
          </h1>
          <p
            class="text-muted-foreground"
          >
            library.subtitle
          </p>
        </div>
        <div
          class="flex gap-2"
        >
          <button
            class="flex items-center gap-2 bg-primary/20 hover:bg-primary/30 text-primary px-4 py-2 rounded-lg border border-primary/20 transition-all active:scale-95 cursor-pointer"
          >
            <svg
              aria-hidden="true"
              class="lucide lucide-list-plus"
              fill="none"
              height="16"
              stroke="currentColor"
              stroke-linecap="round"
              stroke-linejoin="round"
              stroke-width="2"
              viewBox="0 0 24 24"
              width="16"
              xmlns="http://www.w3.org/2000/svg"
            >
              <path
                d="M16 5H3"
              />
              <path
                d="M11 12H3"
              />
              <path
                d="M16 19H3"
              />
              <path
                d="M18 9v6"
              />
              <path
                d="M21 12h-6"
              />
            </svg>
            library.newPlaylist
          </button>
          <button
            class="flex items-center gap-2 bg-white/5 hover:bg-white/10 text-white px-4 py-2 rounded-lg border border-white/10 transition-all active:scale-95 cursor-pointer"
          >
            <svg
              aria-hidden="true"
              class="lucide lucide-refresh-cw"
              fill="none"
              height="16"
              stroke="currentColor"
              stroke-linecap="round"
              stroke-linejoin="round"
              stroke-width="2"
              viewBox="0 0 24 24"
              width="16"
              xmlns="http://www.w3.org/2000/svg"
            >
              <path
                d="M3 12a9 9 0 0 1 9-9 9.75 9.75 0 0 1 6.74 2.74L21 8"
              />
              <path
                d="M21 3v5h-5"
              />
              <path
                d="M21 12a9 9 0 0 1-9 9 9.75 9.75 0 0 1-6.74-2.74L3 16"
              />
              <path
                d="M8 16H3v5"
              />
            </svg>
            library.rescan
          </button>
        </div>
      </div>
      <div
        class="flex items-center gap-2 text-sm text-muted-foreground mb-6"
      >
        <button
          class="hover:text-foreground transition-colors "
        >
          sidebar.library
        </button>
        <span>
          /
        </span>
        <button
          class="hover:text-foreground transition-colors text-foreground font-bold"
        >
          Local
        </button>
      </div>
      <div
        class="grid grid-cols-2 md:grid-cols-3 lg:grid-cols-4 gap-6"
      >
        <button
          class="bg-primary/20 border border-primary/30 rounded-2xl p-6 cursor-pointer hover:bg-primary/30 transition-colors flex flex-col items-center justify-center gap-6 text-center aspect-square w-full"
          tabindex="0"
        >
          <div
            class="p-5 bg-black/20 rounded-full"
            style="transform: none;"
          >
            <svg
              aria-hidden="true"
              class="lucide lucide-music text-white"
              fill="none"
              height="56"
              stroke="currentColor"
              stroke-linecap="round"
              stroke-linejoin="round"
              stroke-width="2"
              viewBox="0 0 24 24"
              width="56"
              xmlns="http://www.w3.org/2000/svg"
            >
              <path
                d="M9 18V5l12-2v13"
              />
              <circle
                cx="6"
                cy="18"
                r="3"
              />
              <circle
                cx="18"
                cy="16"
                r="3"
              />
            </svg>
          </div>
          <h3
            class="text-xl font-bold text-white"
          >
            library.allTracks
          </h3>
        </button>
        <div
          class="bg-card/40 border border-border rounded-2xl p-6 cursor-pointer hover:bg-card/60 transition-colors flex flex-col items-center justify-center gap-6 text-center aspect-square relative group w-full"
          role="button"
          tabindex="0"
        >
          <div
            class="p-5 bg-secondary/50 rounded-full"
            style="transform: none;"
          >
            <svg
              aria-hidden="true"
              class="lucide lucide-folder text-blue-400"
              fill="none"
              height="56"
              stroke="currentColor"
              stroke-linecap="round"
              stroke-linejoin="round"
              stroke-width="2"
              viewBox="0 0 24 24"
              width="56"
              xmlns="http://www.w3.org/2000/svg"
            >
              <path
                d="M20 20a2 2 0 0 0 2-2V8a2 2 0 0 0-2-2h-7.9a2 2 0 0 1-1.69-.9L9.6 3.9A2 2 0 0 0 7.93 3H4a2 2 0 0 0-2 2v13a2 2 0 0 0 2 2Z"
              />
            </svg>
          </div>
          <div>
            <h3
              class="text-xl font-bold text-foreground line-clamp-2"
            >
              Playlist 1
            </h3>
          </div>
          <button
            class="absolute top-3 right-3 p-2 bg-red-500/10 hover:bg-red-500 text-red-400 hover:text-white rounded-full opacity-0 group-hover:opacity-100 transition-all duration-200"
            title="library.playlistDeleted"
          >
            <svg
              aria-hidden="true"
              class="lucide lucide-trash2 lucide-trash-2"
              fill="none"
              height="16"
              stroke="currentColor"
              stroke-linecap="round"
              stroke-linejoin="round"
              stroke-width="2"
              viewBox="0 0 24 24"
              width="16"
              xmlns="http://www.w3.org/2000/svg"
            >
              <path
                d="M10 11v6"
              />
              <path
                d="M14 11v6"
              />
              <path
                d="M19 6v14a2 2 0 0 1-2 2H7a2 2 0 0 1-2-2V6"
              />
              <path
                d="M3 6h18"
              />
              <path
                d="M8 6V4a2 2 0 0 1 2-2h4a2 2 0 0 1 2 2v2"
              />
            </svg>
          </button>
        </div>
      </div>
      <div
        data-testid="confirm-modal"
      >
        <h1>
          Delete Playlist
        </h1>
        <button>
          Delete Playlist
        </button>
        <button>
          Cancel
        </button>
      </div>
    </div>
  </div>
</body>
 ÔŁ» Object.getElementError node_modules/@testing-library/dom/dist/config.js:37:19
 ÔŁ» getElementError node_modules/@testing-library/dom/dist/query-helpers.js:20:35
 ÔŁ» getMultipleElementsFoundError node_modules/@testing-library/dom/dist/query-helpers.js:23:10
 ÔŁ» node_modules/@testing-library/dom/dist/query-helpers.js:55:13
 ÔŁ» node_modules/@testing-library/dom/dist/query-helpers.js:95:19
 ÔŁ» src/pages/Library.test.tsx:368:31
    366|     await waitFor(() => expect(screen.getByTestId("confirm-modal")).toÔÇŽ
    367| 
    368|     const confirmBtn = screen.getByText("Delete Playlist");
       |                               ^
    369|     fireEvent.click(confirmBtn);
    370| 

ÔÄ»ÔÄ»ÔÄ»ÔÄ»ÔÄ»ÔÄ»ÔÄ»ÔÄ»ÔÄ»ÔÄ»ÔÄ»ÔÄ»ÔÄ»ÔÄ»ÔÄ»ÔÄ»ÔÄ»ÔÄ»ÔÄ»ÔÄ»ÔÄ»ÔÄ»ÔÄ»ÔÄ»[1/1]ÔÄ»


[2m Test Files [22m [1m[31m1 failed[39m[22m[90m (1)[39m
[2m      Tests [22m [1m[31m1 failed[39m[22m[2m | [22m[1m[32m15 passed[39m[22m[90m (16)[39m
[2m   Start at [22m 17:44:05
[2m   Duration [22m 1.38s[2m (transform 96ms, setup 74ms, import 391ms, tests 398ms, environment 428ms)[22m
