============================= test session starts =============================
platform win32 -- Python 3.14.2, pytest-9.0.1, pluggy-1.6.0 -- C:\Users\Mati\AppData\Local\Programs\Python\Python314\python.exe
cachedir: .pytest_cache
rootdir: C:\Users\Mati\DEV\Audiovault\backend
configfile: pytest.ini
plugins: anyio-4.12.0, pyfakefs-5.9.3, asyncio-1.3.0, cov-7.0.0
asyncio: mode=Mode.AUTO, debug=False, asyncio_default_fixture_loop_scope=None, asyncio_default_test_loop_scope=function
collecting ... collected 3 items

tests/services/test_library_data.py::test_get_library_items_filtering FAILED [ 33%]
tests/services/test_library_data.py::test_get_queue_items_sorting FAILED [ 66%]
tests/services/test_library_data.py::test_transform_auto_fix_extension FAILED [100%]

================================== FAILURES ===================================
______________________ test_get_library_items_filtering _______________________

self = <sqlalchemy.engine.base.Connection object at 0x000001862BF8AD50>
dialect = <sqlalchemy.dialects.sqlite.aiosqlite.SQLiteDialect_aiosqlite object at 0x000001862BF19A90>
context = <sqlalchemy.dialects.sqlite.aiosqlite.SQLiteExecutionContext_aiosqlite object at 0x000001862BFEABD0>
statement = <sqlalchemy.dialects.sqlite.base.SQLiteCompiler object at 0x000001862BF97950>
parameters = [('37c2cb3e17c448e1b0955d8a0e02f689', 'libtest@example.com', None, 'pw', 1, '2025-12-22 13:00:30.467755', ...)]

    def _exec_single_context(
        self,
        dialect: Dialect,
        context: ExecutionContext,
        statement: Union[str, Compiled],
        parameters: Optional[_AnyMultiExecuteParams],
    ) -> CursorResult[Any]:
        """continue the _execute_context() method for a single DBAPI
        cursor.execute() or cursor.executemany() call.
    
        """
        if dialect.bind_typing is BindTyping.SETINPUTSIZES:
            generic_setinputsizes = context._prepare_set_input_sizes()
    
            if generic_setinputsizes:
                try:
                    dialect.do_set_input_sizes(
                        context.cursor, generic_setinputsizes, context
                    )
                except BaseException as e:
                    self._handle_dbapi_exception(
                        e, str(statement), parameters, None, context
                    )
    
        cursor, str_statement, parameters = (
            context.cursor,
            context.statement,
            context.parameters,
        )
    
        effective_parameters: Optional[_AnyExecuteParams]
    
        if not context.executemany:
            effective_parameters = parameters[0]
        else:
            effective_parameters = parameters
    
        if self._has_events or self.engine._has_events:
            for fn in self.dispatch.before_cursor_execute:
                str_statement, effective_parameters = fn(
                    self,
                    cursor,
                    str_statement,
                    effective_parameters,
                    context,
                    context.executemany,
                )
    
        if self._echo:
            self._log_info(str_statement)
    
            stats = context._get_cache_stats()
    
            if not self.engine.hide_parameters:
                self._log_info(
                    "[%s] %r",
                    stats,
                    sql_util._repr_params(
                        effective_parameters,
                        batches=10,
                        ismulti=context.executemany,
                    ),
                )
            else:
                self._log_info(
                    "[%s] [SQL parameters hidden due to hide_parameters=True]",
                    stats,
                )
    
        evt_handled: bool = False
        try:
            if context.execute_style is ExecuteStyle.EXECUTEMANY:
                effective_parameters = cast(
                    "_CoreMultiExecuteParams", effective_parameters
                )
                if self.dialect._has_events:
                    for fn in self.dialect.dispatch.do_executemany:
                        if fn(
                            cursor,
                            str_statement,
                            effective_parameters,
                            context,
                        ):
                            evt_handled = True
                            break
                if not evt_handled:
                    self.dialect.do_executemany(
                        cursor,
                        str_statement,
                        effective_parameters,
                        context,
                    )
            elif not effective_parameters and context.no_parameters:
                if self.dialect._has_events:
                    for fn in self.dialect.dispatch.do_execute_no_params:
                        if fn(cursor, str_statement, context):
                            evt_handled = True
                            break
                if not evt_handled:
                    self.dialect.do_execute_no_params(
                        cursor, str_statement, context
                    )
            else:
                effective_parameters = cast(
                    "_CoreSingleExecuteParams", effective_parameters
                )
                if self.dialect._has_events:
                    for fn in self.dialect.dispatch.do_execute:
                        if fn(
                            cursor,
                            str_statement,
                            effective_parameters,
                            context,
                        ):
                            evt_handled = True
                            break
                if not evt_handled:
>                   self.dialect.do_execute(
                        cursor, str_statement, effective_parameters, context
                    )

..\..\..\AppData\Local\Programs\Python\Python314\Lib\site-packages\sqlalchemy\engine\base.py:1967: 
_ _ _ _ _ _ _ _ _ _ _ _ _ _ _ _ _ _ _ _ _ _ _ _ _ _ _ _ _ _ _ _ _ _ _ _ _ _ _ _
..\..\..\AppData\Local\Programs\Python\Python314\Lib\site-packages\sqlalchemy\engine\default.py:951: in do_execute
    cursor.execute(statement, parameters)
..\..\..\AppData\Local\Programs\Python\Python314\Lib\site-packages\sqlalchemy\dialects\sqlite\aiosqlite.py:180: in execute
    self._adapt_connection._handle_exception(error)
..\..\..\AppData\Local\Programs\Python\Python314\Lib\site-packages\sqlalchemy\dialects\sqlite\aiosqlite.py:340: in _handle_exception
    raise error
..\..\..\AppData\Local\Programs\Python\Python314\Lib\site-packages\sqlalchemy\dialects\sqlite\aiosqlite.py:162: in execute
    self.await_(_cursor.execute(operation, parameters))
..\..\..\AppData\Local\Programs\Python\Python314\Lib\site-packages\sqlalchemy\util\_concurrency_py3k.py:132: in await_only
    return current.parent.switch(awaitable)  # type: ignore[no-any-return,attr-defined] # noqa: E501
           ^^^^^^^^^^^^^^^^^^^^^^^^^^^^^^^^
..\..\..\AppData\Local\Programs\Python\Python314\Lib\site-packages\sqlalchemy\util\_concurrency_py3k.py:196: in greenlet_spawn
    value = await result
            ^^^^^^^^^^^^
..\..\..\AppData\Local\Programs\Python\Python314\Lib\site-packages\aiosqlite\cursor.py:40: in execute
    await self._execute(self._cursor.execute, sql, parameters)
..\..\..\AppData\Local\Programs\Python\Python314\Lib\site-packages\aiosqlite\cursor.py:32: in _execute
    return await self._conn._execute(fn, *args, **kwargs)
           ^^^^^^^^^^^^^^^^^^^^^^^^^^^^^^^^^^^^^^^^^^^^^^
..\..\..\AppData\Local\Programs\Python\Python314\Lib\site-packages\aiosqlite\core.py:122: in _execute
    return await future
           ^^^^^^^^^^^^
_ _ _ _ _ _ _ _ _ _ _ _ _ _ _ _ _ _ _ _ _ _ _ _ _ _ _ _ _ _ _ _ _ _ _ _ _ _ _ _

self = <Connection(Thread-1, started daemon 23244)>

    def run(self) -> None:
        """
        Execute function calls on a separate thread.
    
        :meta private:
        """
        while True:
            # Continues running until all queue items are processed,
            # even after connection is closed (so we can finalize all
            # futures)
    
            tx_item = self._tx.get()
            if tx_item is _STOP_RUNNING_SENTINEL:
                break
    
            future, function = tx_item
    
            try:
                LOG.debug("executing %s", function)
>               result = function()
                         ^^^^^^^^^^
E               sqlite3.IntegrityError: NOT NULL constraint failed: users.username

..\..\..\AppData\Local\Programs\Python\Python314\Lib\site-packages\aiosqlite\core.py:105: IntegrityError

The above exception was the direct cause of the following exception:

db_session = <sqlalchemy.orm.session.AsyncSession object at 0x000001862BFA46E0>

    @pytest.mark.asyncio
    async def test_get_library_items_filtering(db_session: AsyncSession):
        # Setup User
        user_id = uuid.uuid4()
        user = User(id=user_id, email="libtest@example.com", hashed_password="pw", is_active=True)
        db_session.add(user)
    
        track1 = Track(title="Completed Track", artist="Artist 1", duration_ms=200000)
        track2 = Track(title="Pending Track", artist="Artist 2", duration_ms=300000)
        db_session.add(track1)
        db_session.add(track2)
>       await db_session.flush()

tests\services\test_library_data.py:22: 
_ _ _ _ _ _ _ _ _ _ _ _ _ _ _ _ _ _ _ _ _ _ _ _ _ _ _ _ _ _ _ _ _ _ _ _ _ _ _ _
..\..\..\AppData\Local\Programs\Python\Python314\Lib\site-packages\sqlalchemy\ext\asyncio\session.py:787: in flush
    await greenlet_spawn(self.sync_session.flush, objects=objects)
..\..\..\AppData\Local\Programs\Python\Python314\Lib\site-packages\sqlalchemy\util\_concurrency_py3k.py:203: in greenlet_spawn
    result = context.switch(value)
             ^^^^^^^^^^^^^^^^^^^^^
..\..\..\AppData\Local\Programs\Python\Python314\Lib\site-packages\sqlalchemy\orm\session.py:4331: in flush
    self._flush(objects)
..\..\..\AppData\Local\Programs\Python\Python314\Lib\site-packages\sqlalchemy\orm\session.py:4466: in _flush
    with util.safe_reraise():
         ^^^^^^^^^^^^^^^^^^^
..\..\..\AppData\Local\Programs\Python\Python314\Lib\site-packages\sqlalchemy\util\langhelpers.py:224: in __exit__
    raise exc_value.with_traceback(exc_tb)
..\..\..\AppData\Local\Programs\Python\Python314\Lib\site-packages\sqlalchemy\orm\session.py:4427: in _flush
    flush_context.execute()
..\..\..\AppData\Local\Programs\Python\Python314\Lib\site-packages\sqlalchemy\orm\unitofwork.py:466: in execute
    rec.execute(self)
..\..\..\AppData\Local\Programs\Python\Python314\Lib\site-packages\sqlalchemy\orm\unitofwork.py:642: in execute
    util.preloaded.orm_persistence.save_obj(
..\..\..\AppData\Local\Programs\Python\Python314\Lib\site-packages\sqlalchemy\orm\persistence.py:93: in save_obj
    _emit_insert_statements(
..\..\..\AppData\Local\Programs\Python\Python314\Lib\site-packages\sqlalchemy\orm\persistence.py:1048: in _emit_insert_statements
    result = connection.execute(
..\..\..\AppData\Local\Programs\Python\Python314\Lib\site-packages\sqlalchemy\engine\base.py:1419: in execute
    return meth(
..\..\..\AppData\Local\Programs\Python\Python314\Lib\site-packages\sqlalchemy\sql\elements.py:526: in _execute_on_connection
    return connection._execute_clauseelement(
..\..\..\AppData\Local\Programs\Python\Python314\Lib\site-packages\sqlalchemy\engine\base.py:1641: in _execute_clauseelement
    ret = self._execute_context(
..\..\..\AppData\Local\Programs\Python\Python314\Lib\site-packages\sqlalchemy\engine\base.py:1846: in _execute_context
    return self._exec_single_context(
..\..\..\AppData\Local\Programs\Python\Python314\Lib\site-packages\sqlalchemy\engine\base.py:1986: in _exec_single_context
    self._handle_dbapi_exception(
..\..\..\AppData\Local\Programs\Python\Python314\Lib\site-packages\sqlalchemy\engine\base.py:2355: in _handle_dbapi_exception
    raise sqlalchemy_exception.with_traceback(exc_info[2]) from e
..\..\..\AppData\Local\Programs\Python\Python314\Lib\site-packages\sqlalchemy\engine\base.py:1967: in _exec_single_context
    self.dialect.do_execute(
..\..\..\AppData\Local\Programs\Python\Python314\Lib\site-packages\sqlalchemy\engine\default.py:951: in do_execute
    cursor.execute(statement, parameters)
..\..\..\AppData\Local\Programs\Python\Python314\Lib\site-packages\sqlalchemy\dialects\sqlite\aiosqlite.py:180: in execute
    self._adapt_connection._handle_exception(error)
..\..\..\AppData\Local\Programs\Python\Python314\Lib\site-packages\sqlalchemy\dialects\sqlite\aiosqlite.py:340: in _handle_exception
    raise error
..\..\..\AppData\Local\Programs\Python\Python314\Lib\site-packages\sqlalchemy\dialects\sqlite\aiosqlite.py:162: in execute
    self.await_(_cursor.execute(operation, parameters))
..\..\..\AppData\Local\Programs\Python\Python314\Lib\site-packages\sqlalchemy\util\_concurrency_py3k.py:132: in await_only
    return current.parent.switch(awaitable)  # type: ignore[no-any-return,attr-defined] # noqa: E501
           ^^^^^^^^^^^^^^^^^^^^^^^^^^^^^^^^
..\..\..\AppData\Local\Programs\Python\Python314\Lib\site-packages\sqlalchemy\util\_concurrency_py3k.py:196: in greenlet_spawn
    value = await result
            ^^^^^^^^^^^^
..\..\..\AppData\Local\Programs\Python\Python314\Lib\site-packages\aiosqlite\cursor.py:40: in execute
    await self._execute(self._cursor.execute, sql, parameters)
..\..\..\AppData\Local\Programs\Python\Python314\Lib\site-packages\aiosqlite\cursor.py:32: in _execute
    return await self._conn._execute(fn, *args, **kwargs)
           ^^^^^^^^^^^^^^^^^^^^^^^^^^^^^^^^^^^^^^^^^^^^^^
..\..\..\AppData\Local\Programs\Python\Python314\Lib\site-packages\aiosqlite\core.py:122: in _execute
    return await future
           ^^^^^^^^^^^^
_ _ _ _ _ _ _ _ _ _ _ _ _ _ _ _ _ _ _ _ _ _ _ _ _ _ _ _ _ _ _ _ _ _ _ _ _ _ _ _

self = <Connection(Thread-1, started daemon 23244)>

    def run(self) -> None:
        """
        Execute function calls on a separate thread.
    
        :meta private:
        """
        while True:
            # Continues running until all queue items are processed,
            # even after connection is closed (so we can finalize all
            # futures)
    
            tx_item = self._tx.get()
            if tx_item is _STOP_RUNNING_SENTINEL:
                break
    
            future, function = tx_item
    
            try:
                LOG.debug("executing %s", function)
>               result = function()
                         ^^^^^^^^^^
E               sqlalchemy.exc.IntegrityError: (sqlite3.IntegrityError) NOT NULL constraint failed: users.username
E               [SQL: INSERT INTO users (id, email, username, hashed_password, is_active, created_at, preferences) VALUES (?, ?, ?, ?, ?, ?, ?)]
E               [parameters: ('37c2cb3e17c448e1b0955d8a0e02f689', 'libtest@example.com', None, 'pw', 1, '2025-12-22 13:00:30.467755', '{"theme": "dark", "quality": "high", "auto_download": false, "language": "en", "filename_schema": "{user}/{service}/{playlist}/{artist} - {title}"}')]
E               (Background on this error at: https://sqlalche.me/e/20/gkpj)

..\..\..\AppData\Local\Programs\Python\Python314\Lib\site-packages\aiosqlite\core.py:105: IntegrityError
________________________ test_get_queue_items_sorting _________________________

self = <sqlalchemy.engine.base.Connection object at 0x000001862BFAB530>
dialect = <sqlalchemy.dialects.sqlite.aiosqlite.SQLiteDialect_aiosqlite object at 0x000001862BF19A90>
context = <sqlalchemy.dialects.sqlite.aiosqlite.SQLiteExecutionContext_aiosqlite object at 0x000001862BFEB7D0>
statement = <sqlalchemy.dialects.sqlite.base.SQLiteCompiler object at 0x000001862BF97950>
parameters = [('68afa90450df4a73b51509c5f5f73f97', 'queue@example.com', None, 'pw', 1, '2025-12-22 13:00:30.797910', ...)]

    def _exec_single_context(
        self,
        dialect: Dialect,
        context: ExecutionContext,
        statement: Union[str, Compiled],
        parameters: Optional[_AnyMultiExecuteParams],
    ) -> CursorResult[Any]:
        """continue the _execute_context() method for a single DBAPI
        cursor.execute() or cursor.executemany() call.
    
        """
        if dialect.bind_typing is BindTyping.SETINPUTSIZES:
            generic_setinputsizes = context._prepare_set_input_sizes()
    
            if generic_setinputsizes:
                try:
                    dialect.do_set_input_sizes(
                        context.cursor, generic_setinputsizes, context
                    )
                except BaseException as e:
                    self._handle_dbapi_exception(
                        e, str(statement), parameters, None, context
                    )
    
        cursor, str_statement, parameters = (
            context.cursor,
            context.statement,
            context.parameters,
        )
    
        effective_parameters: Optional[_AnyExecuteParams]
    
        if not context.executemany:
            effective_parameters = parameters[0]
        else:
            effective_parameters = parameters
    
        if self._has_events or self.engine._has_events:
            for fn in self.dispatch.before_cursor_execute:
                str_statement, effective_parameters = fn(
                    self,
                    cursor,
                    str_statement,
                    effective_parameters,
                    context,
                    context.executemany,
                )
    
        if self._echo:
            self._log_info(str_statement)
    
            stats = context._get_cache_stats()
    
            if not self.engine.hide_parameters:
                self._log_info(
                    "[%s] %r",
                    stats,
                    sql_util._repr_params(
                        effective_parameters,
                        batches=10,
                        ismulti=context.executemany,
                    ),
                )
            else:
                self._log_info(
                    "[%s] [SQL parameters hidden due to hide_parameters=True]",
                    stats,
                )
    
        evt_handled: bool = False
        try:
            if context.execute_style is ExecuteStyle.EXECUTEMANY:
                effective_parameters = cast(
                    "_CoreMultiExecuteParams", effective_parameters
                )
                if self.dialect._has_events:
                    for fn in self.dialect.dispatch.do_executemany:
                        if fn(
                            cursor,
                            str_statement,
                            effective_parameters,
                            context,
                        ):
                            evt_handled = True
                            break
                if not evt_handled:
                    self.dialect.do_executemany(
                        cursor,
                        str_statement,
                        effective_parameters,
                        context,
                    )
            elif not effective_parameters and context.no_parameters:
                if self.dialect._has_events:
                    for fn in self.dialect.dispatch.do_execute_no_params:
                        if fn(cursor, str_statement, context):
                            evt_handled = True
                            break
                if not evt_handled:
                    self.dialect.do_execute_no_params(
                        cursor, str_statement, context
                    )
            else:
                effective_parameters = cast(
                    "_CoreSingleExecuteParams", effective_parameters
                )
                if self.dialect._has_events:
                    for fn in self.dialect.dispatch.do_execute:
                        if fn(
                            cursor,
                            str_statement,
                            effective_parameters,
                            context,
                        ):
                            evt_handled = True
                            break
                if not evt_handled:
>                   self.dialect.do_execute(
                        cursor, str_statement, effective_parameters, context
                    )

..\..\..\AppData\Local\Programs\Python\Python314\Lib\site-packages\sqlalchemy\engine\base.py:1967: 
_ _ _ _ _ _ _ _ _ _ _ _ _ _ _ _ _ _ _ _ _ _ _ _ _ _ _ _ _ _ _ _ _ _ _ _ _ _ _ _
..\..\..\AppData\Local\Programs\Python\Python314\Lib\site-packages\sqlalchemy\engine\default.py:951: in do_execute
    cursor.execute(statement, parameters)
..\..\..\AppData\Local\Programs\Python\Python314\Lib\site-packages\sqlalchemy\dialects\sqlite\aiosqlite.py:180: in execute
    self._adapt_connection._handle_exception(error)
..\..\..\AppData\Local\Programs\Python\Python314\Lib\site-packages\sqlalchemy\dialects\sqlite\aiosqlite.py:340: in _handle_exception
    raise error
..\..\..\AppData\Local\Programs\Python\Python314\Lib\site-packages\sqlalchemy\dialects\sqlite\aiosqlite.py:162: in execute
    self.await_(_cursor.execute(operation, parameters))
..\..\..\AppData\Local\Programs\Python\Python314\Lib\site-packages\sqlalchemy\util\_concurrency_py3k.py:132: in await_only
    return current.parent.switch(awaitable)  # type: ignore[no-any-return,attr-defined] # noqa: E501
           ^^^^^^^^^^^^^^^^^^^^^^^^^^^^^^^^
..\..\..\AppData\Local\Programs\Python\Python314\Lib\site-packages\sqlalchemy\util\_concurrency_py3k.py:196: in greenlet_spawn
    value = await result
            ^^^^^^^^^^^^
..\..\..\AppData\Local\Programs\Python\Python314\Lib\site-packages\aiosqlite\cursor.py:40: in execute
    await self._execute(self._cursor.execute, sql, parameters)
..\..\..\AppData\Local\Programs\Python\Python314\Lib\site-packages\aiosqlite\cursor.py:32: in _execute
    return await self._conn._execute(fn, *args, **kwargs)
           ^^^^^^^^^^^^^^^^^^^^^^^^^^^^^^^^^^^^^^^^^^^^^^
..\..\..\AppData\Local\Programs\Python\Python314\Lib\site-packages\aiosqlite\core.py:122: in _execute
    return await future
           ^^^^^^^^^^^^
_ _ _ _ _ _ _ _ _ _ _ _ _ _ _ _ _ _ _ _ _ _ _ _ _ _ _ _ _ _ _ _ _ _ _ _ _ _ _ _

self = <Connection(Thread-1, started daemon 23244)>

    def run(self) -> None:
        """
        Execute function calls on a separate thread.
    
        :meta private:
        """
        while True:
            # Continues running until all queue items are processed,
            # even after connection is closed (so we can finalize all
            # futures)
    
            tx_item = self._tx.get()
            if tx_item is _STOP_RUNNING_SENTINEL:
                break
    
            future, function = tx_item
    
            try:
                LOG.debug("executing %s", function)
>               result = function()
                         ^^^^^^^^^^
E               sqlite3.IntegrityError: NOT NULL constraint failed: users.username

..\..\..\AppData\Local\Programs\Python\Python314\Lib\site-packages\aiosqlite\core.py:105: IntegrityError

The above exception was the direct cause of the following exception:

db_session = <sqlalchemy.orm.session.AsyncSession object at 0x000001862BF8BC50>

    @pytest.mark.asyncio
    async def test_get_queue_items_sorting(db_session: AsyncSession):
        user_id = uuid.uuid4()
        user = User(id=user_id, email="queue@example.com", hashed_password="pw", is_active=True)
        db_session.add(user)
    
        track = Track(title="T", artist="A", duration_ms=100000)
        db_session.add(track)
>       await db_session.flush()

tests\services\test_library_data.py:69: 
_ _ _ _ _ _ _ _ _ _ _ _ _ _ _ _ _ _ _ _ _ _ _ _ _ _ _ _ _ _ _ _ _ _ _ _ _ _ _ _
..\..\..\AppData\Local\Programs\Python\Python314\Lib\site-packages\sqlalchemy\ext\asyncio\session.py:787: in flush
    await greenlet_spawn(self.sync_session.flush, objects=objects)
..\..\..\AppData\Local\Programs\Python\Python314\Lib\site-packages\sqlalchemy\util\_concurrency_py3k.py:203: in greenlet_spawn
    result = context.switch(value)
             ^^^^^^^^^^^^^^^^^^^^^
..\..\..\AppData\Local\Programs\Python\Python314\Lib\site-packages\sqlalchemy\orm\session.py:4331: in flush
    self._flush(objects)
..\..\..\AppData\Local\Programs\Python\Python314\Lib\site-packages\sqlalchemy\orm\session.py:4466: in _flush
    with util.safe_reraise():
         ^^^^^^^^^^^^^^^^^^^
..\..\..\AppData\Local\Programs\Python\Python314\Lib\site-packages\sqlalchemy\util\langhelpers.py:224: in __exit__
    raise exc_value.with_traceback(exc_tb)
..\..\..\AppData\Local\Programs\Python\Python314\Lib\site-packages\sqlalchemy\orm\session.py:4427: in _flush
    flush_context.execute()
..\..\..\AppData\Local\Programs\Python\Python314\Lib\site-packages\sqlalchemy\orm\unitofwork.py:466: in execute
    rec.execute(self)
..\..\..\AppData\Local\Programs\Python\Python314\Lib\site-packages\sqlalchemy\orm\unitofwork.py:642: in execute
    util.preloaded.orm_persistence.save_obj(
..\..\..\AppData\Local\Programs\Python\Python314\Lib\site-packages\sqlalchemy\orm\persistence.py:93: in save_obj
    _emit_insert_statements(
..\..\..\AppData\Local\Programs\Python\Python314\Lib\site-packages\sqlalchemy\orm\persistence.py:1048: in _emit_insert_statements
    result = connection.execute(
..\..\..\AppData\Local\Programs\Python\Python314\Lib\site-packages\sqlalchemy\engine\base.py:1419: in execute
    return meth(
..\..\..\AppData\Local\Programs\Python\Python314\Lib\site-packages\sqlalchemy\sql\elements.py:526: in _execute_on_connection
    return connection._execute_clauseelement(
..\..\..\AppData\Local\Programs\Python\Python314\Lib\site-packages\sqlalchemy\engine\base.py:1641: in _execute_clauseelement
    ret = self._execute_context(
..\..\..\AppData\Local\Programs\Python\Python314\Lib\site-packages\sqlalchemy\engine\base.py:1846: in _execute_context
    return self._exec_single_context(
..\..\..\AppData\Local\Programs\Python\Python314\Lib\site-packages\sqlalchemy\engine\base.py:1986: in _exec_single_context
    self._handle_dbapi_exception(
..\..\..\AppData\Local\Programs\Python\Python314\Lib\site-packages\sqlalchemy\engine\base.py:2355: in _handle_dbapi_exception
    raise sqlalchemy_exception.with_traceback(exc_info[2]) from e
..\..\..\AppData\Local\Programs\Python\Python314\Lib\site-packages\sqlalchemy\engine\base.py:1967: in _exec_single_context
    self.dialect.do_execute(
..\..\..\AppData\Local\Programs\Python\Python314\Lib\site-packages\sqlalchemy\engine\default.py:951: in do_execute
    cursor.execute(statement, parameters)
..\..\..\AppData\Local\Programs\Python\Python314\Lib\site-packages\sqlalchemy\dialects\sqlite\aiosqlite.py:180: in execute
    self._adapt_connection._handle_exception(error)
..\..\..\AppData\Local\Programs\Python\Python314\Lib\site-packages\sqlalchemy\dialects\sqlite\aiosqlite.py:340: in _handle_exception
    raise error
..\..\..\AppData\Local\Programs\Python\Python314\Lib\site-packages\sqlalchemy\dialects\sqlite\aiosqlite.py:162: in execute
    self.await_(_cursor.execute(operation, parameters))
..\..\..\AppData\Local\Programs\Python\Python314\Lib\site-packages\sqlalchemy\util\_concurrency_py3k.py:132: in await_only
    return current.parent.switch(awaitable)  # type: ignore[no-any-return,attr-defined] # noqa: E501
           ^^^^^^^^^^^^^^^^^^^^^^^^^^^^^^^^
..\..\..\AppData\Local\Programs\Python\Python314\Lib\site-packages\sqlalchemy\util\_concurrency_py3k.py:196: in greenlet_spawn
    value = await result
            ^^^^^^^^^^^^
..\..\..\AppData\Local\Programs\Python\Python314\Lib\site-packages\aiosqlite\cursor.py:40: in execute
    await self._execute(self._cursor.execute, sql, parameters)
..\..\..\AppData\Local\Programs\Python\Python314\Lib\site-packages\aiosqlite\cursor.py:32: in _execute
    return await self._conn._execute(fn, *args, **kwargs)
           ^^^^^^^^^^^^^^^^^^^^^^^^^^^^^^^^^^^^^^^^^^^^^^
..\..\..\AppData\Local\Programs\Python\Python314\Lib\site-packages\aiosqlite\core.py:122: in _execute
    return await future
           ^^^^^^^^^^^^
_ _ _ _ _ _ _ _ _ _ _ _ _ _ _ _ _ _ _ _ _ _ _ _ _ _ _ _ _ _ _ _ _ _ _ _ _ _ _ _

self = <Connection(Thread-1, started daemon 23244)>

    def run(self) -> None:
        """
        Execute function calls on a separate thread.
    
        :meta private:
        """
        while True:
            # Continues running until all queue items are processed,
            # even after connection is closed (so we can finalize all
            # futures)
    
            tx_item = self._tx.get()
            if tx_item is _STOP_RUNNING_SENTINEL:
                break
    
            future, function = tx_item
    
            try:
                LOG.debug("executing %s", function)
>               result = function()
                         ^^^^^^^^^^
E               sqlalchemy.exc.IntegrityError: (sqlite3.IntegrityError) NOT NULL constraint failed: users.username
E               [SQL: INSERT INTO users (id, email, username, hashed_password, is_active, created_at, preferences) VALUES (?, ?, ?, ?, ?, ?, ?)]
E               [parameters: ('68afa90450df4a73b51509c5f5f73f97', 'queue@example.com', None, 'pw', 1, '2025-12-22 13:00:30.797910', '{"theme": "dark", "quality": "high", "auto_download": false, "language": "en", "filename_schema": "{user}/{service}/{playlist}/{artist} - {title}"}')]
E               (Background on this error at: https://sqlalche.me/e/20/gkpj)

..\..\..\AppData\Local\Programs\Python\Python314\Lib\site-packages\aiosqlite\core.py:105: IntegrityError
______________________ test_transform_auto_fix_extension ______________________

db_session = <sqlalchemy.orm.session.AsyncSession object at 0x000001862C2E1450>

    @pytest.mark.asyncio
    async def test_transform_auto_fix_extension(db_session: AsyncSession):
        # Mock settings.DOWNLOAD_DIR to avoid OS errors or path issues
        with patch("app.core.config.settings.DOWNLOAD_DIR", "/tmp"):
            user_id = uuid.uuid4()
            track = Track(title="FixMe", artist="A")
            db_session.add(track)
            await db_session.flush()
    
            # Setup fake file system logic
            # d.file_path points to .webm, but fs only has .mp3
            download = Download(
                id=uuid.uuid4(),
                user_id=user_id,
                track_id=track.id,
                status="completed",
                file_path="/tmp/fake.webm",
                source="spotify"
            )
            # We need to mock os.path.exists
            # If exists(/tmp/fake.webm) -> False
            # If exists(/tmp/fake.mp3) -> True
    
            with patch("os.path.exists") as mock_exists:
                def side_effect(path):
                    if path == "/tmp/fake.webm": return False
                    if path == "/tmp/fake.mp3": return True
                    return False
                mock_exists.side_effect = side_effect
    
>               item_data, updated = library_data_service._transform_download_item(download)
                                     ^^^^^^^^^^^^^^^^^^^^^^^^^^^^^^^^^^^^^^^^^^^^^^^^^^^^^^^

tests\services\test_library_data.py:124: 
_ _ _ _ _ _ _ _ _ _ _ _ _ _ _ _ _ _ _ _ _ _ _ _ _ _ _ _ _ _ _ _ _ _ _ _ _ _ _ _

self = <app.services.library_data.LibraryDataService object at 0x000001862BF1B620>
d = <app.models.download.Download object at 0x000001862BFA5400>

    def _transform_download_item(self, d: Download) -> tuple[dict, bool]:
        updated = False
        image_url = None
>       if d.track.metadata_content:
           ^^^^^^^^^^^^^^^^^^^^^^^^
E       AttributeError: 'NoneType' object has no attribute 'metadata_content'

app\services\library_data.py:73: AttributeError
=========================== short test summary info ===========================
FAILED tests/services/test_library_data.py::test_get_library_items_filtering
FAILED tests/services/test_library_data.py::test_get_queue_items_sorting - sq...
FAILED tests/services/test_library_data.py::test_transform_auto_fix_extension
============================== 3 failed in 0.59s ==============================
